shaking1.Shaking -> shaking1.Shaking:
    0:8:void main(java.lang.String[]):8:8 -> main
    9:21:void main(java.lang.String[]):9:9 -> main
shaking1.Used -> a.a:
    java.lang.String name -> a
    0:5:void <init>(java.lang.String):12:12 -> <init>
    0:16:java.lang.String method():17:17 -> a
    0:2:java.lang.String aMethodThatIsNotUsedButKept():0:0 -> aMethodThatIsNotUsedButKept
